
> devtimize-nextjs@0.0.0 build
> next build

   Γû▓ Next.js 15.5.14
   - Environments: .env.local

   Creating an optimized production build ...
 Γ£ô Compiled successfully in 6.6s
   Linting and checking validity of types ...
   Collecting page data ...
   Generating static pages (0/46) ...
   Generating static pages (11/46) 
   Generating static pages (22/46) 
   Generating static pages (34/46) 
 Γ£ô Generating static pages (46/46)
   Finalizing page optimization ...
   Collecting build traces ...

Route (app)                                     Size  First Load JS
Γöî Γùï /                                        10.6 kB         158 kB
Γö£ Γùï /_not-found                                992 B         103 kB
Γö£ Γùï /about                                   3.54 kB         145 kB
Γö£ Γùï /ai-receptionist                         3.69 kB         106 kB
Γö£ ╞Æ /api/chat                                  131 B         102 kB
Γö£ Γùï /blog                                    1.27 kB         159 kB
Γö£ ΓùÅ /blog/[slug]                             1.55 kB         159 kB
Γö£   Γö£ /blog/how-to-build-trading-bot-python
Γö£   Γö£ /blog/rag-vs-fine-tuning-chatbots
Γö£   Γö£ /blog/flutter-vs-react-native-2025
Γö£   Γöö [+7 more paths]
Γö£ Γùï /contact                                 1.48 kB         145 kB
Γö£ Γùï /industries/dentist-websites             2.47 kB         105 kB
Γö£ Γùï /industries/hvac-websites                2.48 kB         105 kB
Γö£ Γùï /industries/lawyer-websites              2.47 kB         105 kB
Γö£ Γùï /industries/medspa-websites              2.44 kB         105 kB
Γö£ Γùï /industries/plumber-websites              2.4 kB         105 kB
Γö£ Γùï /industries/restaurant-websites          2.45 kB         105 kB
Γö£ Γùï /industries/roofing-websites             2.43 kB         105 kB
Γö£ Γùï /projects                                5.85 kB         151 kB
Γö£ ΓùÅ /projects/[slug]                         4.46 kB         150 kB
Γö£   Γö£ /projects/trading-bot
Γö£   Γö£ /projects/chatbot-rag
Γö£   Γö£ /projects/restaurant-site
Γö£   Γöö [+5 more paths]
Γö£ Γùï /robots.txt                                131 B         102 kB
Γö£ Γùï /services                                 4.6 kB         150 kB
Γö£ ΓùÅ /services/[slug]                          4.9 kB         150 kB
Γö£   Γö£ /services/web-development
Γö£   Γö£ /services/mobile-desktop
Γö£   Γö£ /services/ai-automation
Γö£   Γöö [+3 more paths]
Γö£ Γùï /sitemap.xml                               131 B         102 kB
Γö£ Γùï /team                                    2.56 kB         144 kB
Γöö Γùï /testimonials                            1.31 kB         143 kB
+ First Load JS shared by all                 102 kB
  Γö£ chunks/255-38b49df12a94ee57.js             46 kB
  Γö£ chunks/4bd1b696-c023c6e3521b1417.js      54.2 kB
  Γöö other shared chunks (total)                 2 kB


Γùï  (Static)   prerendered as static content
ΓùÅ  (SSG)      prerendered as static HTML (uses generateStaticParams)
╞Æ  (Dynamic)  server-rendered on demand

